// Jest Snapshot v1, https://goo.gl/fbAQLP

exports[`Index renders the html we want 1`] = `
<div
  className="flex min-h-screen flex-col items-center justify-center py-2"
>
  <main
    className="flex w-full flex-1 flex-col items-center justify-center px-20 text-center"
  >
    <div>
      You're signed in as 
      Baa
       and you're 
      Healthy
      .
    </div>
    <div>
      Go to the
       
      <a
        className="text-blue-600 underline"
        href="/about"
        onClick={[Function]}
        onMouseEnter={[Function]}
      >
        about
      </a>
       
      page.
    </div>
    <div
      className="mt-6"
    >
      <input
        className="mt-1 mr-2 px-3 py-2 bg-white border border-slate-300 rounded-md text-sm shadow-sm placeholder-slate-400"
        onChange={[Function]}
        placeholder="your new name..."
        type="text"
      />
      <input
        className="bg-sky-500 hover:bg-sky-700 px-5 py-2.5 text-sm leading-5 rounded-md font-semibold text-white"
        onClick={[Function]}
        type="button"
        value="change"
      />
    </div>
  </main>
</div>
`;
